{
  "anti_drift_block_count": 2,
  "anti_drift_gate_enabled": true,
  "anti_drift_parameters": {
    "bbo_lookback_ms": 750,
    "flow_lookback_ms": 1000,
    "min_pressure_qty_btc": "0.01",
    "min_stable_ms": 250,
    "pressure_ratio_threshold": 2.0
  },
  "anti_drift_pass_count": 20,
  "anti_drift_policy_version": "m2_anti_drift_touch_stability_gate_v1",
  "blocking_reasons": [
    "no_fill_observed"
  ],
  "controller_pullback_before_order": false,
  "current_candidate_count": 701,
  "edge_gate_block_count": 4,
  "edge_gate_enabled": true,
  "edge_gate_live_compatible_source_available": true,
  "edge_gate_parameters": {
    "adverse_selection_buffer_ticks": 5.0,
    "fee_buffer_ticks": 2.0,
    "max_signal_age_ms": 250,
    "required_edge_ticks": 7.0,
    "required_horizon_ms": 1000
  },
  "edge_gate_pass_count": 1,
  "edge_gate_policy_version": "m2_fair_value_edge_gate_v1",
  "edge_gate_source_status": "decision_time_public_fair_mid_provider",
  "event_driven_evaluation_count": 701,
  "event_driven_guard": {
    "attempt": 1,
    "candidate_age_seconds": 0.422,
    "candidate_source_exchange_time_ms": 1783580109291,
    "current_ask": 62852.0,
    "current_bid": 62851.0,
    "current_reprice_allowed": true,
    "current_reprice_candidate_age_seconds": 0.422,
    "current_reprice_candidate_source_exchange_time_ms": 1783580109291,
    "current_reprice_skip_reason": "",
    "current_same_side_top_order_count": 1,
    "current_same_side_top_qty_btc": 0.00351,
    "current_top_depth_multiple_of_order": 0.702,
    "current_touch_match": true,
    "handoff_phase": "post_open_orders_inline_reprice",
    "max_age_seconds": 1.0,
    "max_order_size_btc": 0.005,
    "post_only_non_crossing": true,
    "post_only_tif": "Alo",
    "quality_bucket": "quality_a",
    "reason": "",
    "selected_quote_px": 62851.0,
    "selected_side": "buy",
    "selected_size_btc": 0.005,
    "source": "inline_reprice_current_candidate_guard",
    "status": "pass",
    "trigger_candidate_age_seconds": 0.422,
    "trigger_candidate_freshness_status": "pass",
    "trigger_candidate_quality_bucket": "quality_a",
    "trigger_candidate_quote_px": "62852",
    "trigger_candidate_side": "buy",
    "trigger_candidate_size_btc": 0.005,
    "trigger_candidate_skip_reason": "",
    "trigger_candidate_source_exchange_time_ms": 1783580109291
  },
  "event_driven_guard_reason": "",
  "event_driven_guard_status": "pass",
  "event_driven_max_candidate_age_seconds": 1.0,
  "event_driven_remote_mode": true,
  "fair_mid_source_block_count": 2,
  "fair_mid_source_pass_count": 3,
  "fair_mid_source_policy_version": "m2_decision_time_public_fair_mid_provider_v1",
  "fill_count": 0,
  "hyperliquid_l2book_fast": true,
  "inline_reprice_live": true,
  "inline_reprice_manifest": {
    "blocking_reasons": [
      "no_fill_observed"
    ],
    "credentials_written": false,
    "crossing_guard_status": "pass",
    "fill_count": 0,
    "final_open_orders_count": 0,
    "final_recommendation": "hyperliquid_tiny_live_m2_fill_window_blocked",
    "flow_guard_status": "pass",
    "fresh_touch_allowed_candidate_count": 5,
    "fresh_touch_candidate_count": 10,
    "fresh_touch_guard_status": "pass",
    "fresh_touch_submitted_count": 1,
    "git_commit": "df94c9c388",
    "inline_reprice_submit": true,
    "ledger_fill_rows": 0,
    "maker_fill_count": 0,
    "max_order_size_btc": 0.005,
    "order_status_types": [
      "resting"
    ],
    "policy_version": "m2_event_driven_inline_reprice_post_only_reject_repair_v1",
    "post_only_reject_count": 0,
    "post_only_tif": "Alo",
    "private_endpoint_called": true,
    "public_flow_precheck_status": "pass",
    "raw_signatures_written": false,
    "real_cancel_endpoint_called": true,
    "real_order_endpoint_called": true,
    "requote_attempts_completed": 10,
    "requote_attempts_requested": 2,
    "same_process_trigger": true,
    "secret_values_written": false,
    "shutdown_proof_status": "pass",
    "side_policy": "fresh_touch",
    "task_id": "0623T007",
    "window_id": 1
  },
  "live_submissions_count": 1,
  "maker_fill_count": 0,
  "max_order_size_btc": 0.005,
  "max_real_order_submissions": 2,
  "output_files": {
    "adverse_flow_state": "/home/admin/hftbacktest-cross-exchange-artifacts/cross_exchange_t011_multi_window_live_evidence_0709T001_20260709T064251Z/window_02/adverse_flow_state.csv",
    "anti_drift_gate_manifest": "/home/admin/hftbacktest-cross-exchange-artifacts/cross_exchange_t011_multi_window_live_evidence_0709T001_20260709T064251Z/window_02/anti_drift_gate_manifest.json",
    "anti_drift_gate_matrix": "/home/admin/hftbacktest-cross-exchange-artifacts/cross_exchange_t011_multi_window_live_evidence_0709T001_20260709T064251Z/window_02/anti_drift_gate_matrix.csv",
    "anti_drift_no_submit_report": "",
    "anti_drift_submit_decision_matrix": "/home/admin/hftbacktest-cross-exchange-artifacts/cross_exchange_t011_multi_window_live_evidence_0709T001_20260709T064251Z/window_02/anti_drift_submit_decision_matrix.csv",
    "bbo_stability_matrix": "/home/admin/hftbacktest-cross-exchange-artifacts/cross_exchange_t011_multi_window_live_evidence_0709T001_20260709T064251Z/window_02/bbo_stability_matrix.csv",
    "current_candidate_audit": "/home/admin/hftbacktest-cross-exchange-artifacts/cross_exchange_t011_multi_window_live_evidence_0709T001_20260709T064251Z/window_02/current_candidate_audit.csv",
    "edge_gate_manifest": "/home/admin/hftbacktest-cross-exchange-artifacts/cross_exchange_t011_multi_window_live_evidence_0709T001_20260709T064251Z/window_02/edge_gate_manifest.json",
    "edge_gate_matrix": "/home/admin/hftbacktest-cross-exchange-artifacts/cross_exchange_t011_multi_window_live_evidence_0709T001_20260709T064251Z/window_02/edge_gate_matrix.csv",
    "edge_gate_no_submit_report": "",
    "event_driven_latency_matrix": "/home/admin/hftbacktest-cross-exchange-artifacts/cross_exchange_t011_multi_window_live_evidence_0709T001_20260709T064251Z/window_02/event_driven_latency_matrix.csv",
    "event_driven_no_current_candidate_report": "",
    "event_driven_trigger_decision_matrix": "/home/admin/hftbacktest-cross-exchange-artifacts/cross_exchange_t011_multi_window_live_evidence_0709T001_20260709T064251Z/window_02/event_driven_trigger_decision_matrix.csv",
    "event_driven_watcher_manifest": "/home/admin/hftbacktest-cross-exchange-artifacts/cross_exchange_t011_multi_window_live_evidence_0709T001_20260709T064251Z/window_02/event_driven_watcher_manifest.json",
    "fair_mid_source_matrix": "/home/admin/hftbacktest-cross-exchange-artifacts/cross_exchange_t011_multi_window_live_evidence_0709T001_20260709T064251Z/window_02/fair_mid_source_matrix.csv",
    "immediate_pre_submit_guard_matrix": "/home/admin/hftbacktest-cross-exchange-artifacts/cross_exchange_t011_multi_window_live_evidence_0709T001_20260709T064251Z/window_02/immediate_pre_submit_guard_matrix.csv",
    "inline_reprice_attempt_matrix": "/home/admin/hftbacktest-cross-exchange-artifacts/cross_exchange_t011_multi_window_live_evidence_0709T001_20260709T064251Z/window_02/inline_reprice_attempt_matrix.csv",
    "inline_reprice_guard_matrix": "/home/admin/hftbacktest-cross-exchange-artifacts/cross_exchange_t011_multi_window_live_evidence_0709T001_20260709T064251Z/window_02/inline_reprice_guard_matrix.csv",
    "inline_reprice_latency_matrix": "/home/admin/hftbacktest-cross-exchange-artifacts/cross_exchange_t011_multi_window_live_evidence_0709T001_20260709T064251Z/window_02/inline_reprice_latency_matrix.csv",
    "inline_reprice_manifest": "/home/admin/hftbacktest-cross-exchange-artifacts/cross_exchange_t011_multi_window_live_evidence_0709T001_20260709T064251Z/window_02/inline_reprice_manifest.json",
    "inline_reprice_no_submit_report": "",
    "inline_reprice_post_only_reject_matrix": "/home/admin/hftbacktest-cross-exchange-artifacts/cross_exchange_t011_multi_window_live_evidence_0709T001_20260709T064251Z/window_02/inline_reprice_post_only_reject_matrix.csv",
    "order_intent_audit": "/home/admin/hftbacktest-cross-exchange-artifacts/cross_exchange_t011_multi_window_live_evidence_0709T001_20260709T064251Z/window_02/order_intent_audit.csv",
    "public_state_freshness_matrix": "/home/admin/hftbacktest-cross-exchange-artifacts/cross_exchange_t011_multi_window_live_evidence_0709T001_20260709T064251Z/window_02/public_state_freshness_matrix.csv",
    "public_stream_summary": "/home/admin/hftbacktest-cross-exchange-artifacts/cross_exchange_t011_multi_window_live_evidence_0709T001_20260709T064251Z/window_02/public_stream_summary.json",
    "quote_attempt_matrix": "/home/admin/hftbacktest-cross-exchange-artifacts/cross_exchange_t011_multi_window_live_evidence_0709T001_20260709T064251Z/window_02/quote_attempt_matrix.csv",
    "rolling_flow_state": "/home/admin/hftbacktest-cross-exchange-artifacts/cross_exchange_t011_multi_window_live_evidence_0709T001_20260709T064251Z/window_02/rolling_flow_state.csv",
    "selected_candidate_context": "/home/admin/hftbacktest-cross-exchange-artifacts/cross_exchange_t011_multi_window_live_evidence_0709T001_20260709T064251Z/window_02/selected_candidate_context.json",
    "window_result_matrix": "/home/admin/hftbacktest-cross-exchange-artifacts/cross_exchange_t011_multi_window_live_evidence_0709T001_20260709T064251Z/window_02/window_result_matrix.csv"
  },
  "post_only_reject_count": 0,
  "post_only_tif": "Alo",
  "post_open_orders_public_state_block_count": 0,
  "post_open_orders_public_state_pass_count": 10,
  "post_open_orders_public_state_timeout_seconds": 0.2,
  "public_stream_summary": {
    "close_reasons": [
      "inline_attempt_complete"
    ],
    "collection_count": 1,
    "disconnect_events": [],
    "hyperliquid_l2book_fast": true,
    "message_count_by_channel": {
      "l2Book": 433,
      "pong": 7,
      "subscriptionResponse": 2,
      "trades": 280
    },
    "no_private_or_order_endpoint": true,
    "public_market_data_only": true,
    "reconnect_count": 0,
    "subscription_ack_count": 2,
    "subscription_options": {
      "hyperliquid_l2book_fast": true
    },
    "total_book_event_count": 433,
    "total_candidate_count": 701,
    "total_trade_event_count": 607
  },
  "public_waiting_phase_private_or_order_endpoint_called": false,
  "same_process_remote_mode": true,
  "schema_version": "hyperliquid_tiny_live_m2_edge_gate_inline_reprice_v1",
  "selected_candidate": {
    "candidate_index": 1,
    "candidate_log_row": {
      "allowed": true,
      "ask": "62853",
      "at_or_through_trade_qty_btc": "0.07435",
      "bbo_history_count": 110,
      "bbo_history_span_ms": 59634,
      "bbo_history_status": "same_touch_stable_enough",
      "bid": "62852",
      "candidate_age_seconds_at_eval": 0.178927,
      "current_order_count": "3",
      "current_top_qty": "0.02142",
      "dynamic_size_btc": 0.005,
      "event_sequence": 701,
      "exchange_time_ordering_status": "latest_l2_exchange_time_before_candidate",
      "fresh_touch_block_reason": "",
      "fresh_touch_evidence_reason": "",
      "fresh_touch_evidence_status": "pass",
      "freshness_source": "real_bbo_history_touch_stability",
      "inference_scope": "event_driven_current_l2_plus_rolling_public_trades_proxy_not_exact_queue_or_fill_probability",
      "last_l2_age_ms": 339,
      "last_touch_change_ms": 1783580102378,
      "local_receive_ordering_status": "latest_l2_received_before_or_at_candidate",
      "order_size_btc": "0.005",
      "previous_order_count": "24",
      "previous_top_qty": "6.43865",
      "public_depletion_status": "depleted_top_plus_order_proxy",
      "quality_bucket": "quality_a",
      "queue_depletion_multiple": "2.814155942467827403482210447",
      "queue_reset_block_reason": "",
      "quote_px": "62852",
      "required_depletion_qty_btc": "0.02642",
      "reset_order_count_delta": "-21",
      "reset_qty_delta": "-6.41723",
      "rolling_trade_count_last_3s": 13,
      "same_side_top_order_count": "3",
      "same_side_top_qty_btc": "0.02142",
      "same_touch_bbo_count": 13,
      "side": "buy",
      "skip_reason": "",
      "source_channel": "trades",
      "source_event_exchange_time_ms": 1783580109291,
      "source_local_receive_ts_ns": 1783580109469429088,
      "spread_ticks": "1",
      "strict_trade_through_qty_btc": "0.04634",
      "top_depth_multiple_of_order": "4.284",
      "top_reset_reason": "same_touch_top_qty_or_order_count_reduced",
      "top_reset_status": "reset_supported",
      "touch_stability_ms": 6913,
      "touch_trade_qty_btc": "0.02801"
    },
    "candidate_source_row": {
      "ask": "62853",
      "at_or_through_trade_qty_btc": "0.07435",
      "bbo_history_count": 110,
      "bbo_history_span_ms": 59634,
      "bbo_history_status": "same_touch_stable_enough",
      "bid": "62852",
      "book_updates_in_window": "1",
      "current_order_count": "3",
      "current_top_qty": "0.02142",
      "event_driven_current_candidate": true,
      "exchange_time_ordering_status": "latest_l2_exchange_time_before_candidate",
      "first_adverse_lost_touch_ms": "",
      "first_not_touch_ms": "",
      "first_strict_trade_through_ms": "0",
      "first_touch_trade_ms": "0",
      "fresh_touch_block_reason": "",
      "fresh_touch_evidence_reason": "",
      "fresh_touch_evidence_status": "pass",
      "freshness_source": "real_bbo_history_touch_stability",
      "hold_seconds": "3",
      "inference_scope": "event_driven_current_l2_plus_rolling_public_trades_proxy_not_exact_queue_or_fill_probability",
      "last_l2_age_ms": 339,
      "last_touch_change_ms": 1783580102378,
      "local_receive_ordering_status": "latest_l2_received_before_or_at_candidate",
      "opposite_trade_qty_btc": "0.00318",
      "order_size_btc": "0.005",
      "previous_order_count": "24",
      "previous_top_qty": "6.43865",
      "public_depletion_status": "depleted_top_plus_order_proxy",
      "queue_depletion_multiple": "2.814155942467827403482210447",
      "queue_reset_block_reason": "",
      "quote_aging_status": "event_driven_current_touch",
      "quote_px": "62852",
      "required_depletion_qty_btc": "0.02642",
      "reset_order_count_delta": "-21",
      "reset_qty_delta": "-6.41723",
      "same_side_top_order_count": "3",
      "same_side_top_qty_btc": "0.02142",
      "same_touch_bbo_count": 13,
      "side": "buy",
      "source_channel": "trades",
      "source_local_receive_ts_ns": 1783580109469429088,
      "spread_ticks": "1",
      "start_exchange_time_ms": "1783580109291",
      "strict_trade_through_qty_btc": "0.04634",
      "top_depth_multiple_of_order": "4.284",
      "top_reset_reason": "same_touch_top_qty_or_order_count_reduced",
      "top_reset_status": "reset_supported",
      "touch_stability_ms": 6913,
      "touch_trade_qty_btc": "0.02801",
      "trades_in_window": "13",
      "utc_hour": "6",
      "window_mid_move_ticks": "0"
    },
    "event_driven_current_candidate": true,
    "fresh_touch_decision": {
      "allowed": true,
      "ask": 62853.0,
      "bid": 62852.0,
      "candidate_rows": [
        {
          "allowed": true,
          "ask": 62853.0,
          "bid": 62852.0,
          "bucket_cap_btc": 0.005,
          "candidate_index": 1,
          "dynamic_size_btc": 0.005,
          "dynamic_size_reason": "",
          "dynamic_size_status": "pass",
          "fresh_touch_evidence_status": "pass",
          "freshness_age_seconds": 0.0,
          "freshness_reason": "",
          "freshness_source": "real_bbo_history_touch_stability",
          "freshness_status": "fresh_or_reset_supported",
          "hold_seconds": 3,
          "inference_scope": "public_flow_proxy_plus_current_l2_top_depth_not_exact_queue_or_fill_probability",
          "last_touch_change_ms": 1783580102378,
          "quality_bucket": "quality_a",
          "quote_px": 62852.0,
          "raw_size_btc": 0.005,
          "recent_same_side_at_or_through_qty_btc_last_3s": 0.07435,
          "same_side_top_order_count": 3,
          "same_side_top_qty_btc": 0.02142,
          "selected": true,
          "side": "buy",
          "skip_reason": "",
          "source_first_strict_trade_through_ms": "0",
          "source_first_touch_trade_ms": "0",
          "source_quote_aging_status": "event_driven_current_touch",
          "source_start_exchange_time_ms": "1783580109291",
          "strict_trade_through_qty_btc": 0.04634,
          "top_depth_multiple_of_order": 4.284,
          "top_reset_reason": "same_touch_top_qty_or_order_count_reduced",
          "top_reset_status": "reset_supported",
          "touch_stability_ms": 6913
        }
      ],
      "hold_seconds": 3,
      "inference_scope": "public_flow_proxy_plus_current_l2_top_depth_not_exact_queue_or_fill_probability",
      "intent_limit_px": 62852.0,
      "intent_size_btc": 0.005,
      "policy_version": "m2_fresh_touch_size_by_throughput_session_gate_v1",
      "quality_bucket": "quality_a",
      "selected_candidate": {
        "allowed": true,
        "ask": 62853.0,
        "bid": 62852.0,
        "bucket_cap_btc": 0.005,
        "candidate_index": 1,
        "dynamic_size_btc": 0.005,
        "dynamic_size_reason": "",
        "dynamic_size_status": "pass",
        "fresh_touch_evidence_status": "pass",
        "freshness_age_seconds": 0.0,
        "freshness_reason": "",
        "freshness_source": "real_bbo_history_touch_stability",
        "freshness_status": "fresh_or_reset_supported",
        "hold_seconds": 3,
        "inference_scope": "public_flow_proxy_plus_current_l2_top_depth_not_exact_queue_or_fill_probability",
        "last_touch_change_ms": 1783580102378,
        "quality_bucket": "quality_a",
        "quote_px": 62852.0,
        "raw_size_btc": 0.005,
        "recent_same_side_at_or_through_qty_btc_last_3s": 0.07435,
        "same_side_top_order_count": 3,
        "same_side_top_qty_btc": 0.02142,
        "selected": true,
        "side": "buy",
        "skip_reason": "",
        "source_first_strict_trade_through_ms": "0",
        "source_first_touch_trade_ms": "0",
        "source_quote_aging_status": "event_driven_current_touch",
        "source_start_exchange_time_ms": "1783580109291",
        "strict_trade_through_qty_btc": 0.04634,
        "top_depth_multiple_of_order": 4.284,
        "top_reset_reason": "same_touch_top_qty_or_order_count_reduced",
        "top_reset_status": "reset_supported",
        "touch_stability_ms": 6913
      },
      "selected_side": "buy",
      "skip_reason": ""
    },
    "iteration": 701,
    "no_private_or_order_endpoint": true,
    "public_only_watcher": true,
    "source_channel": "trades",
    "source_event_exchange_time_ms": 1783580109291,
    "source_local_receive_ts_ns": 1783580109469429088,
    "source_public_flow_precheck": {
      "candidate_rows_inline": [
        {
          "ask": "62853",
          "at_or_through_trade_qty_btc": "0.07435",
          "bbo_history_count": 110,
          "bbo_history_span_ms": 59634,
          "bbo_history_status": "same_touch_stable_enough",
          "bid": "62852",
          "book_updates_in_window": "1",
          "current_order_count": "3",
          "current_top_qty": "0.02142",
          "event_driven_current_candidate": true,
          "exchange_time_ordering_status": "latest_l2_exchange_time_before_candidate",
          "first_adverse_lost_touch_ms": "",
          "first_not_touch_ms": "",
          "first_strict_trade_through_ms": "0",
          "first_touch_trade_ms": "0",
          "fresh_touch_block_reason": "",
          "fresh_touch_evidence_reason": "",
          "fresh_touch_evidence_status": "pass",
          "freshness_source": "real_bbo_history_touch_stability",
          "hold_seconds": "3",
          "inference_scope": "event_driven_current_l2_plus_rolling_public_trades_proxy_not_exact_queue_or_fill_probability",
          "last_l2_age_ms": 339,
          "last_touch_change_ms": 1783580102378,
          "local_receive_ordering_status": "latest_l2_received_before_or_at_candidate",
          "opposite_trade_qty_btc": "0.00318",
          "order_size_btc": "0.005",
          "previous_order_count": "24",
          "previous_top_qty": "6.43865",
          "public_depletion_status": "depleted_top_plus_order_proxy",
          "queue_depletion_multiple": "2.814155942467827403482210447",
          "queue_reset_block_reason": "",
          "quote_aging_status": "event_driven_current_touch",
          "quote_px": "62852",
          "required_depletion_qty_btc": "0.02642",
          "reset_order_count_delta": "-21",
          "reset_qty_delta": "-6.41723",
          "same_side_top_order_count": "3",
          "same_side_top_qty_btc": "0.02142",
          "same_touch_bbo_count": 13,
          "side": "buy",
          "source_channel": "trades",
          "source_local_receive_ts_ns": 1783580109469429088,
          "spread_ticks": "1",
          "start_exchange_time_ms": "1783580109291",
          "strict_trade_through_qty_btc": "0.04634",
          "top_depth_multiple_of_order": "4.284",
          "top_reset_reason": "same_touch_top_qty_or_order_count_reduced",
          "top_reset_status": "reset_supported",
          "touch_stability_ms": 6913,
          "touch_trade_qty_btc": "0.02801",
          "trades_in_window": "13",
          "utc_hour": "6",
          "window_mid_move_ticks": "0"
        }
      ],
      "collection_manifest": {
        "close_reason": "",
        "message_count_by_channel": {
          "l2Book": 433,
          "pong": 7,
          "subscriptionResponse": 2,
          "trades": 280
        },
        "reconnect_count": 0,
        "subscription_ack_count": 2
      },
      "diagnosis_manifest": {
        "output_files": {
          "candidate_flow_diagnostics": ""
        }
      },
      "event_driven_inline_candidate": true,
      "no_private_or_order_endpoint": true,
      "public_market_data_only": true,
      "reason": "",
      "status": "pass",
      "summary": {
        "book_event_count": 432,
        "by_side": {
          "buy": {
            "adverse_lost_touch_candidate_count": 0,
            "candidate_count": 1,
            "public_depletion_candidate_count": 1,
            "strict_trade_through_candidate_count": 1,
            "touch_trade_candidate_count": 1
          },
          "sell": {
            "adverse_lost_touch_candidate_count": 0,
            "candidate_count": 0,
            "public_depletion_candidate_count": 0,
            "strict_trade_through_candidate_count": 0,
            "touch_trade_candidate_count": 0
          }
        },
        "candidate_count": 1,
        "last_book_exchange_time_ms": "1783580109291",
        "trade_event_count": 607,
        "utc_hours": [
          "6"
        ]
      }
    }
  },
  "separate_live_window_process": false,
  "target_candidate_event_to_guard_start_seconds": 0.5,
  "task_id": "0623T007",
  "trigger_count": 1,
  "trigger_found": true,
  "watcher_seconds_elapsed": 239.897826,
  "watcher_seconds_requested": 1800.0
}
