{
  "anti_drift_block_count": 2,
  "anti_drift_gate_enabled": true,
  "anti_drift_parameters": {
    "bbo_lookback_ms": 750,
    "flow_lookback_ms": 1000,
    "min_pressure_qty_btc": "0.01",
    "min_stable_ms": 250,
    "pressure_ratio_threshold": 2.0
  },
  "anti_drift_pass_count": 12,
  "anti_drift_policy_version": "m2_anti_drift_touch_stability_gate_v1",
  "blocking_reasons": [
    "no_fill_observed"
  ],
  "controller_pullback_before_order": false,
  "current_candidate_count": 1310,
  "edge_gate_block_count": 4,
  "edge_gate_enabled": true,
  "edge_gate_live_compatible_source_available": true,
  "edge_gate_parameters": {
    "adverse_selection_buffer_ticks": 5.0,
    "fee_buffer_ticks": 2.0,
    "max_signal_age_ms": 250,
    "required_edge_ticks": 7.0,
    "required_horizon_ms": 1000
  },
  "edge_gate_pass_count": 1,
  "edge_gate_policy_version": "m2_fair_value_edge_gate_v1",
  "edge_gate_source_status": "decision_time_public_fair_mid_provider",
  "event_driven_evaluation_count": 1310,
  "event_driven_guard": {
    "attempt": 1,
    "candidate_age_seconds": 0.507,
    "candidate_source_exchange_time_ms": 1784017702049,
    "current_ask": 62651.0,
    "current_bid": 62650.0,
    "current_reprice_allowed": true,
    "current_reprice_candidate_age_seconds": 0.507,
    "current_reprice_candidate_source_exchange_time_ms": 1784017702049,
    "current_reprice_skip_reason": "",
    "current_same_side_top_order_count": 1,
    "current_same_side_top_qty_btc": 0.00673,
    "current_top_depth_multiple_of_order": 18.69444444,
    "current_touch_match": true,
    "handoff_phase": "post_open_orders_inline_reprice",
    "max_age_seconds": 1.0,
    "max_order_size_btc": 0.005,
    "post_only_non_crossing": true,
    "post_only_tif": "Alo",
    "quality_bucket": "quality_a",
    "reason": "",
    "selected_quote_px": 62650.0,
    "selected_side": "buy",
    "selected_size_btc": 0.00036,
    "source": "inline_reprice_current_candidate_guard",
    "status": "pass",
    "trigger_candidate_age_seconds": 0.507,
    "trigger_candidate_freshness_status": "pass",
    "trigger_candidate_quality_bucket": "quality_a",
    "trigger_candidate_quote_px": "62652",
    "trigger_candidate_side": "buy",
    "trigger_candidate_size_btc": 0.00036,
    "trigger_candidate_skip_reason": "",
    "trigger_candidate_source_exchange_time_ms": 1784017702049
  },
  "event_driven_guard_reason": "",
  "event_driven_guard_status": "pass",
  "event_driven_max_candidate_age_seconds": 1.0,
  "event_driven_remote_mode": true,
  "fair_mid_source_block_count": 4,
  "fair_mid_source_pass_count": 1,
  "fair_mid_source_policy_version": "m2_decision_time_public_fair_mid_provider_v1",
  "fill_count": 0,
  "hyperliquid_l2book_fast": true,
  "inline_reprice_live": true,
  "inline_reprice_manifest": {
    "blocking_reasons": [
      "no_fill_observed"
    ],
    "credentials_written": false,
    "crossing_guard_status": "pass",
    "fill_count": 0,
    "final_open_orders_count": 0,
    "final_recommendation": "hyperliquid_tiny_live_m2_fill_window_blocked",
    "flow_guard_status": "pass",
    "fresh_touch_allowed_candidate_count": 5,
    "fresh_touch_candidate_count": 6,
    "fresh_touch_guard_status": "pass",
    "fresh_touch_submitted_count": 1,
    "git_commit": "678c5b9ebe",
    "inline_reprice_submit": true,
    "ledger_fill_rows": 0,
    "maker_fill_count": 0,
    "max_order_size_btc": 0.005,
    "order_status_types": [
      "resting"
    ],
    "output_files": {
      "public_stream_coverage": "/home/admin/hftbacktest-cross-exchange-artifacts/cross_exchange_resting_interval_v2_live_evidence_0714T003_20260714T063004Z/window_03/public_stream_coverage.csv",
      "resting_interval_capture_manifest": "/home/admin/hftbacktest-cross-exchange-artifacts/cross_exchange_resting_interval_v2_live_evidence_0714T003_20260714T063004Z/window_03/resting_interval_capture_manifest.json",
      "resting_interval_depth_depletion_matrix": "/home/admin/hftbacktest-cross-exchange-artifacts/cross_exchange_resting_interval_v2_live_evidence_0714T003_20260714T063004Z/window_03/resting_interval_depth_depletion_matrix.csv",
      "resting_interval_lifecycle_matrix": "/home/admin/hftbacktest-cross-exchange-artifacts/cross_exchange_resting_interval_v2_live_evidence_0714T003_20260714T063004Z/window_03/resting_interval_lifecycle_matrix.csv",
      "resting_interval_public_trades": "/home/admin/hftbacktest-cross-exchange-artifacts/cross_exchange_resting_interval_v2_live_evidence_0714T003_20260714T063004Z/window_03/resting_interval_public_trades.csv",
      "resting_start_l2_book_snapshot_at_or_after_order_resting": "/home/admin/hftbacktest-cross-exchange-artifacts/cross_exchange_resting_interval_v2_live_evidence_0714T003_20260714T063004Z/window_03/resting_start_l2_book_snapshot_at_or_after_order_resting.csv"
    },
    "policy_version": "m2_event_driven_inline_reprice_post_only_reject_repair_v1",
    "post_only_reject_count": 0,
    "post_only_tif": "Alo",
    "private_endpoint_called": true,
    "public_flow_precheck_status": "pass",
    "raw_signatures_written": false,
    "real_cancel_endpoint_called": true,
    "real_order_endpoint_called": true,
    "requote_attempts_completed": 6,
    "requote_attempts_requested": 2,
    "resting_interval_capture": {
      "attempt_key_policy": "all_resting_interval_artifacts_join_on_attempt_key",
      "captured_l2_snapshot_row_count": 1,
      "captured_public_trade_row_count": 0,
      "contract_version": "cross_exchange_resting_interval_public_flow_capture_contract_v2",
      "depletion_matrix_row_count": 1,
      "offline_repair_sufficient_route_allowed": false,
      "output_files": {
        "public_stream_coverage": "/home/admin/hftbacktest-cross-exchange-artifacts/cross_exchange_resting_interval_v2_live_evidence_0714T003_20260714T063004Z/window_03/public_stream_coverage.csv",
        "resting_interval_depth_depletion_matrix": "/home/admin/hftbacktest-cross-exchange-artifacts/cross_exchange_resting_interval_v2_live_evidence_0714T003_20260714T063004Z/window_03/resting_interval_depth_depletion_matrix.csv",
        "resting_interval_lifecycle_matrix": "/home/admin/hftbacktest-cross-exchange-artifacts/cross_exchange_resting_interval_v2_live_evidence_0714T003_20260714T063004Z/window_03/resting_interval_lifecycle_matrix.csv",
        "resting_interval_public_trades": "/home/admin/hftbacktest-cross-exchange-artifacts/cross_exchange_resting_interval_v2_live_evidence_0714T003_20260714T063004Z/window_03/resting_interval_public_trades.csv",
        "resting_start_l2_book_snapshot_at_or_after_order_resting": "/home/admin/hftbacktest-cross-exchange-artifacts/cross_exchange_resting_interval_v2_live_evidence_0714T003_20260714T063004Z/window_03/resting_start_l2_book_snapshot_at_or_after_order_resting.csv"
      },
      "public_stream_coverage_row_count": 1,
      "resting_attempt_count": 1,
      "route_status": "capture_artifacts_written_for_future_offline_analysis",
      "schema_version": "cross_exchange_resting_interval_public_flow_capture_v2",
      "task_id": "0714T003",
      "zero_public_trade_interpretation_counts": {
        "artifact_gap_not_no_exchange_trades": 1
      },
      "zero_row_policy": "zero captured rows do not imply no exchange public trades unless public_stream_coverage_status is complete_interval_trade_stream_coverage"
    },
    "resting_interval_capture_schema_version": "cross_exchange_resting_interval_public_flow_capture_v2",
    "same_process_trigger": true,
    "secret_values_written": false,
    "shutdown_proof_status": "pass",
    "side_policy": "fresh_touch",
    "task_id": "0714T003",
    "window_id": 1
  },
  "live_submissions_count": 1,
  "maker_fill_count": 0,
  "max_order_size_btc": 0.005,
  "max_real_order_submissions": 2,
  "output_files": {
    "adverse_flow_state": "/home/admin/hftbacktest-cross-exchange-artifacts/cross_exchange_resting_interval_v2_live_evidence_0714T003_20260714T063004Z/window_03/adverse_flow_state.csv",
    "anti_drift_gate_manifest": "/home/admin/hftbacktest-cross-exchange-artifacts/cross_exchange_resting_interval_v2_live_evidence_0714T003_20260714T063004Z/window_03/anti_drift_gate_manifest.json",
    "anti_drift_gate_matrix": "/home/admin/hftbacktest-cross-exchange-artifacts/cross_exchange_resting_interval_v2_live_evidence_0714T003_20260714T063004Z/window_03/anti_drift_gate_matrix.csv",
    "anti_drift_no_submit_report": "",
    "anti_drift_submit_decision_matrix": "/home/admin/hftbacktest-cross-exchange-artifacts/cross_exchange_resting_interval_v2_live_evidence_0714T003_20260714T063004Z/window_03/anti_drift_submit_decision_matrix.csv",
    "bbo_stability_matrix": "/home/admin/hftbacktest-cross-exchange-artifacts/cross_exchange_resting_interval_v2_live_evidence_0714T003_20260714T063004Z/window_03/bbo_stability_matrix.csv",
    "current_candidate_audit": "/home/admin/hftbacktest-cross-exchange-artifacts/cross_exchange_resting_interval_v2_live_evidence_0714T003_20260714T063004Z/window_03/current_candidate_audit.csv",
    "edge_gate_manifest": "/home/admin/hftbacktest-cross-exchange-artifacts/cross_exchange_resting_interval_v2_live_evidence_0714T003_20260714T063004Z/window_03/edge_gate_manifest.json",
    "edge_gate_matrix": "/home/admin/hftbacktest-cross-exchange-artifacts/cross_exchange_resting_interval_v2_live_evidence_0714T003_20260714T063004Z/window_03/edge_gate_matrix.csv",
    "edge_gate_no_submit_report": "",
    "event_driven_latency_matrix": "/home/admin/hftbacktest-cross-exchange-artifacts/cross_exchange_resting_interval_v2_live_evidence_0714T003_20260714T063004Z/window_03/event_driven_latency_matrix.csv",
    "event_driven_no_current_candidate_report": "",
    "event_driven_trigger_decision_matrix": "/home/admin/hftbacktest-cross-exchange-artifacts/cross_exchange_resting_interval_v2_live_evidence_0714T003_20260714T063004Z/window_03/event_driven_trigger_decision_matrix.csv",
    "event_driven_watcher_manifest": "/home/admin/hftbacktest-cross-exchange-artifacts/cross_exchange_resting_interval_v2_live_evidence_0714T003_20260714T063004Z/window_03/event_driven_watcher_manifest.json",
    "fair_mid_source_matrix": "/home/admin/hftbacktest-cross-exchange-artifacts/cross_exchange_resting_interval_v2_live_evidence_0714T003_20260714T063004Z/window_03/fair_mid_source_matrix.csv",
    "immediate_pre_submit_guard_matrix": "/home/admin/hftbacktest-cross-exchange-artifacts/cross_exchange_resting_interval_v2_live_evidence_0714T003_20260714T063004Z/window_03/immediate_pre_submit_guard_matrix.csv",
    "inline_reprice_attempt_matrix": "/home/admin/hftbacktest-cross-exchange-artifacts/cross_exchange_resting_interval_v2_live_evidence_0714T003_20260714T063004Z/window_03/inline_reprice_attempt_matrix.csv",
    "inline_reprice_guard_matrix": "/home/admin/hftbacktest-cross-exchange-artifacts/cross_exchange_resting_interval_v2_live_evidence_0714T003_20260714T063004Z/window_03/inline_reprice_guard_matrix.csv",
    "inline_reprice_latency_matrix": "/home/admin/hftbacktest-cross-exchange-artifacts/cross_exchange_resting_interval_v2_live_evidence_0714T003_20260714T063004Z/window_03/inline_reprice_latency_matrix.csv",
    "inline_reprice_manifest": "/home/admin/hftbacktest-cross-exchange-artifacts/cross_exchange_resting_interval_v2_live_evidence_0714T003_20260714T063004Z/window_03/inline_reprice_manifest.json",
    "inline_reprice_no_submit_report": "",
    "inline_reprice_post_only_reject_matrix": "/home/admin/hftbacktest-cross-exchange-artifacts/cross_exchange_resting_interval_v2_live_evidence_0714T003_20260714T063004Z/window_03/inline_reprice_post_only_reject_matrix.csv",
    "order_intent_audit": "/home/admin/hftbacktest-cross-exchange-artifacts/cross_exchange_resting_interval_v2_live_evidence_0714T003_20260714T063004Z/window_03/order_intent_audit.csv",
    "public_state_freshness_matrix": "/home/admin/hftbacktest-cross-exchange-artifacts/cross_exchange_resting_interval_v2_live_evidence_0714T003_20260714T063004Z/window_03/public_state_freshness_matrix.csv",
    "public_stream_summary": "/home/admin/hftbacktest-cross-exchange-artifacts/cross_exchange_resting_interval_v2_live_evidence_0714T003_20260714T063004Z/window_03/public_stream_summary.json",
    "quote_attempt_matrix": "/home/admin/hftbacktest-cross-exchange-artifacts/cross_exchange_resting_interval_v2_live_evidence_0714T003_20260714T063004Z/window_03/quote_attempt_matrix.csv",
    "rolling_flow_state": "/home/admin/hftbacktest-cross-exchange-artifacts/cross_exchange_resting_interval_v2_live_evidence_0714T003_20260714T063004Z/window_03/rolling_flow_state.csv",
    "selected_candidate_context": "/home/admin/hftbacktest-cross-exchange-artifacts/cross_exchange_resting_interval_v2_live_evidence_0714T003_20260714T063004Z/window_03/selected_candidate_context.json",
    "window_result_matrix": "/home/admin/hftbacktest-cross-exchange-artifacts/cross_exchange_resting_interval_v2_live_evidence_0714T003_20260714T063004Z/window_03/window_result_matrix.csv"
  },
  "post_only_reject_count": 0,
  "post_only_tif": "Alo",
  "post_open_orders_public_state_block_count": 0,
  "post_open_orders_public_state_pass_count": 6,
  "post_open_orders_public_state_timeout_seconds": 0.2,
  "public_stream_summary": {
    "close_reasons": [
      "inline_attempt_complete"
    ],
    "collection_count": 1,
    "disconnect_events": [],
    "hyperliquid_l2book_fast": true,
    "message_count_by_channel": {
      "l2Book": 952,
      "pong": 17,
      "subscriptionResponse": 2,
      "trades": 365
    },
    "no_private_or_order_endpoint": true,
    "public_market_data_only": true,
    "reconnect_count": 0,
    "subscription_ack_count": 2,
    "subscription_options": {
      "hyperliquid_l2book_fast": true
    },
    "total_book_event_count": 952,
    "total_candidate_count": 1310,
    "total_trade_event_count": 809
  },
  "public_waiting_phase_private_or_order_endpoint_called": false,
  "same_process_remote_mode": true,
  "schema_version": "hyperliquid_tiny_live_m2_edge_gate_inline_reprice_v1",
  "selected_candidate": {
    "candidate_index": 1,
    "candidate_log_row": {
      "allowed": true,
      "ask": "62653",
      "at_or_through_trade_qty_btc": "0.00144",
      "bbo_history_count": 112,
      "bbo_history_span_ms": 59607,
      "bbo_history_status": "same_touch_stable_enough",
      "bid": "62652",
      "candidate_age_seconds_at_eval": 0.229687,
      "current_order_count": "1",
      "current_top_qty": "0.00019",
      "dynamic_size_btc": 0.00036,
      "event_sequence": 1310,
      "exchange_time_ordering_status": "latest_l2_exchange_time_before_candidate",
      "fresh_touch_block_reason": "",
      "fresh_touch_evidence_reason": "",
      "fresh_touch_evidence_status": "pass",
      "freshness_source": "real_bbo_history_touch_stability",
      "inference_scope": "event_driven_current_l2_plus_rolling_public_trades_proxy_not_exact_queue_or_fill_probability",
      "last_l2_age_ms": 273,
      "last_touch_change_ms": 1784017701776,
      "local_receive_ordering_status": "latest_l2_received_before_or_at_candidate",
      "order_size_btc": "0.005",
      "previous_order_count": "",
      "previous_top_qty": "",
      "public_depletion_status": "depleted_visible_top_proxy_only",
      "quality_bucket": "quality_a",
      "queue_depletion_multiple": "0.2774566473988439306358381503",
      "queue_reset_block_reason": "no_prior_same_touch_bbo",
      "quote_px": "62652",
      "required_depletion_qty_btc": "0.00519",
      "reset_order_count_delta": "",
      "reset_qty_delta": "",
      "rolling_trade_count_last_3s": 4,
      "same_side_top_order_count": "1",
      "same_side_top_qty_btc": "0.00019",
      "same_touch_bbo_count": 1,
      "side": "buy",
      "skip_reason": "",
      "source_channel": "trades",
      "source_event_exchange_time_ms": 1784017702049,
      "source_local_receive_ts_ns": 1784017702278197257,
      "spread_ticks": "1",
      "strict_trade_through_qty_btc": "0.00125",
      "top_depth_multiple_of_order": "0.038",
      "top_reset_reason": "no_prior_same_touch_bbo",
      "top_reset_status": "missing",
      "touch_stability_ms": 273,
      "touch_trade_qty_btc": "0.00019"
    },
    "candidate_source_row": {
      "ask": "62653",
      "at_or_through_trade_qty_btc": "0.00144",
      "bbo_history_count": 112,
      "bbo_history_span_ms": 59607,
      "bbo_history_status": "same_touch_stable_enough",
      "bid": "62652",
      "book_updates_in_window": "1",
      "current_order_count": "1",
      "current_top_qty": "0.00019",
      "event_driven_current_candidate": true,
      "exchange_time_ordering_status": "latest_l2_exchange_time_before_candidate",
      "first_adverse_lost_touch_ms": "",
      "first_not_touch_ms": "",
      "first_strict_trade_through_ms": "0",
      "first_touch_trade_ms": "0",
      "fresh_touch_block_reason": "",
      "fresh_touch_evidence_reason": "",
      "fresh_touch_evidence_status": "pass",
      "freshness_source": "real_bbo_history_touch_stability",
      "hold_seconds": "3",
      "inference_scope": "event_driven_current_l2_plus_rolling_public_trades_proxy_not_exact_queue_or_fill_probability",
      "last_l2_age_ms": 273,
      "last_touch_change_ms": 1784017701776,
      "local_receive_ordering_status": "latest_l2_received_before_or_at_candidate",
      "opposite_trade_qty_btc": "5.47878",
      "order_size_btc": "0.005",
      "previous_order_count": "",
      "previous_top_qty": "",
      "public_depletion_status": "depleted_visible_top_proxy_only",
      "queue_depletion_multiple": "0.2774566473988439306358381503",
      "queue_reset_block_reason": "no_prior_same_touch_bbo",
      "quote_aging_status": "event_driven_current_touch",
      "quote_px": "62652",
      "required_depletion_qty_btc": "0.00519",
      "reset_order_count_delta": "",
      "reset_qty_delta": "",
      "same_side_top_order_count": "1",
      "same_side_top_qty_btc": "0.00019",
      "same_touch_bbo_count": 1,
      "side": "buy",
      "source_channel": "trades",
      "source_local_receive_ts_ns": 1784017702278197257,
      "spread_ticks": "1",
      "start_exchange_time_ms": "1784017702049",
      "strict_trade_through_qty_btc": "0.00125",
      "top_depth_multiple_of_order": "0.038",
      "top_reset_reason": "no_prior_same_touch_bbo",
      "top_reset_status": "missing",
      "touch_stability_ms": 273,
      "touch_trade_qty_btc": "0.00019",
      "trades_in_window": "4",
      "utc_hour": "8",
      "window_mid_move_ticks": "0"
    },
    "event_driven_current_candidate": true,
    "fresh_touch_decision": {
      "allowed": true,
      "ask": 62653.0,
      "bid": 62652.0,
      "candidate_rows": [
        {
          "allowed": true,
          "ask": 62653.0,
          "bid": 62652.0,
          "bucket_cap_btc": 0.005,
          "candidate_index": 1,
          "dynamic_size_btc": 0.00036,
          "dynamic_size_reason": "",
          "dynamic_size_status": "pass",
          "fresh_touch_evidence_status": "pass",
          "freshness_age_seconds": 0.0,
          "freshness_reason": "",
          "freshness_source": "real_bbo_history_touch_stability",
          "freshness_status": "fresh_or_reset_supported",
          "hold_seconds": 3,
          "inference_scope": "public_flow_proxy_plus_current_l2_top_depth_not_exact_queue_or_fill_probability",
          "last_touch_change_ms": 1784017701776,
          "quality_bucket": "quality_a",
          "quote_px": 62652.0,
          "raw_size_btc": 0.00036,
          "recent_same_side_at_or_through_qty_btc_last_3s": 0.00144,
          "same_side_top_order_count": 1,
          "same_side_top_qty_btc": 0.00019,
          "selected": true,
          "side": "buy",
          "skip_reason": "",
          "source_first_strict_trade_through_ms": "0",
          "source_first_touch_trade_ms": "0",
          "source_quote_aging_status": "event_driven_current_touch",
          "source_start_exchange_time_ms": "1784017702049",
          "strict_trade_through_qty_btc": 0.00125,
          "top_depth_multiple_of_order": 0.52777778,
          "top_reset_reason": "no_prior_same_touch_bbo",
          "top_reset_status": "missing",
          "touch_stability_ms": 273
        }
      ],
      "hold_seconds": 3,
      "inference_scope": "public_flow_proxy_plus_current_l2_top_depth_not_exact_queue_or_fill_probability",
      "intent_limit_px": 62652.0,
      "intent_size_btc": 0.00036,
      "policy_version": "m2_fresh_touch_size_by_throughput_session_gate_v1",
      "quality_bucket": "quality_a",
      "selected_candidate": {
        "allowed": true,
        "ask": 62653.0,
        "bid": 62652.0,
        "bucket_cap_btc": 0.005,
        "candidate_index": 1,
        "dynamic_size_btc": 0.00036,
        "dynamic_size_reason": "",
        "dynamic_size_status": "pass",
        "fresh_touch_evidence_status": "pass",
        "freshness_age_seconds": 0.0,
        "freshness_reason": "",
        "freshness_source": "real_bbo_history_touch_stability",
        "freshness_status": "fresh_or_reset_supported",
        "hold_seconds": 3,
        "inference_scope": "public_flow_proxy_plus_current_l2_top_depth_not_exact_queue_or_fill_probability",
        "last_touch_change_ms": 1784017701776,
        "quality_bucket": "quality_a",
        "quote_px": 62652.0,
        "raw_size_btc": 0.00036,
        "recent_same_side_at_or_through_qty_btc_last_3s": 0.00144,
        "same_side_top_order_count": 1,
        "same_side_top_qty_btc": 0.00019,
        "selected": true,
        "side": "buy",
        "skip_reason": "",
        "source_first_strict_trade_through_ms": "0",
        "source_first_touch_trade_ms": "0",
        "source_quote_aging_status": "event_driven_current_touch",
        "source_start_exchange_time_ms": "1784017702049",
        "strict_trade_through_qty_btc": 0.00125,
        "top_depth_multiple_of_order": 0.52777778,
        "top_reset_reason": "no_prior_same_touch_bbo",
        "top_reset_status": "missing",
        "touch_stability_ms": 273
      },
      "selected_side": "buy",
      "skip_reason": ""
    },
    "iteration": 1310,
    "no_private_or_order_endpoint": true,
    "public_only_watcher": true,
    "source_channel": "trades",
    "source_event_exchange_time_ms": 1784017702049,
    "source_local_receive_ts_ns": 1784017702278197257,
    "source_public_flow_precheck": {
      "candidate_rows_inline": [
        {
          "ask": "62653",
          "at_or_through_trade_qty_btc": "0.00144",
          "bbo_history_count": 112,
          "bbo_history_span_ms": 59607,
          "bbo_history_status": "same_touch_stable_enough",
          "bid": "62652",
          "book_updates_in_window": "1",
          "current_order_count": "1",
          "current_top_qty": "0.00019",
          "event_driven_current_candidate": true,
          "exchange_time_ordering_status": "latest_l2_exchange_time_before_candidate",
          "first_adverse_lost_touch_ms": "",
          "first_not_touch_ms": "",
          "first_strict_trade_through_ms": "0",
          "first_touch_trade_ms": "0",
          "fresh_touch_block_reason": "",
          "fresh_touch_evidence_reason": "",
          "fresh_touch_evidence_status": "pass",
          "freshness_source": "real_bbo_history_touch_stability",
          "hold_seconds": "3",
          "inference_scope": "event_driven_current_l2_plus_rolling_public_trades_proxy_not_exact_queue_or_fill_probability",
          "last_l2_age_ms": 273,
          "last_touch_change_ms": 1784017701776,
          "local_receive_ordering_status": "latest_l2_received_before_or_at_candidate",
          "opposite_trade_qty_btc": "5.47878",
          "order_size_btc": "0.005",
          "previous_order_count": "",
          "previous_top_qty": "",
          "public_depletion_status": "depleted_visible_top_proxy_only",
          "queue_depletion_multiple": "0.2774566473988439306358381503",
          "queue_reset_block_reason": "no_prior_same_touch_bbo",
          "quote_aging_status": "event_driven_current_touch",
          "quote_px": "62652",
          "required_depletion_qty_btc": "0.00519",
          "reset_order_count_delta": "",
          "reset_qty_delta": "",
          "same_side_top_order_count": "1",
          "same_side_top_qty_btc": "0.00019",
          "same_touch_bbo_count": 1,
          "side": "buy",
          "source_channel": "trades",
          "source_local_receive_ts_ns": 1784017702278197257,
          "spread_ticks": "1",
          "start_exchange_time_ms": "1784017702049",
          "strict_trade_through_qty_btc": "0.00125",
          "top_depth_multiple_of_order": "0.038",
          "top_reset_reason": "no_prior_same_touch_bbo",
          "top_reset_status": "missing",
          "touch_stability_ms": 273,
          "touch_trade_qty_btc": "0.00019",
          "trades_in_window": "4",
          "utc_hour": "8",
          "window_mid_move_ticks": "0"
        }
      ],
      "collection_manifest": {
        "close_reason": "",
        "message_count_by_channel": {
          "l2Book": 952,
          "pong": 17,
          "subscriptionResponse": 2,
          "trades": 365
        },
        "reconnect_count": 0,
        "subscription_ack_count": 2
      },
      "diagnosis_manifest": {
        "output_files": {
          "candidate_flow_diagnostics": ""
        }
      },
      "event_driven_inline_candidate": true,
      "no_private_or_order_endpoint": true,
      "public_market_data_only": true,
      "reason": "",
      "status": "pass",
      "summary": {
        "book_event_count": 951,
        "by_side": {
          "buy": {
            "adverse_lost_touch_candidate_count": 0,
            "candidate_count": 1,
            "public_depletion_candidate_count": 0,
            "strict_trade_through_candidate_count": 1,
            "touch_trade_candidate_count": 1
          },
          "sell": {
            "adverse_lost_touch_candidate_count": 0,
            "candidate_count": 0,
            "public_depletion_candidate_count": 0,
            "strict_trade_through_candidate_count": 0,
            "touch_trade_candidate_count": 0
          }
        },
        "candidate_count": 1,
        "last_book_exchange_time_ms": "1784017702049",
        "trade_event_count": 809,
        "utc_hours": [
          "8"
        ]
      }
    }
  },
  "separate_live_window_process": false,
  "target_candidate_event_to_guard_start_seconds": 0.5,
  "task_id": "0714T003",
  "trigger_count": 1,
  "trigger_found": true,
  "watcher_seconds_elapsed": 519.559154,
  "watcher_seconds_requested": 1800.0
}
