{
  "account_endpoint_called": false,
  "anti_drift_block_count": 0,
  "anti_drift_gate_enabled": true,
  "anti_drift_pass_count": 0,
  "blocking_reasons": [
    "no_fresh_touch_candidate_reached_fair_mid_source"
  ],
  "cancel_endpoint_called": false,
  "cap_relaxation": false,
  "credentials_read": false,
  "current_candidate_count": 1259,
  "edge_gate_block_count": 0,
  "edge_gate_pass_count": 0,
  "edge_gate_policy_version": "m2_fair_value_edge_gate_v1",
  "event_driven_evaluation_count": 1259,
  "fair_mid_source_block_count": 0,
  "fair_mid_source_pass_count": 0,
  "fair_mid_source_policy_version": "m2_decision_time_public_fair_mid_provider_v1",
  "final_recommendation": "hyperliquid_tiny_live_m2_public_shadow_source_blocked",
  "live_client_initialized": false,
  "m3_or_stable_pnl_claim": false,
  "next_real_canary_authorized": false,
  "no_final_gate_rerun": true,
  "no_remote_refresh": true,
  "no_submit_enforced": true,
  "one_tick_back_or_inside_spread": false,
  "order_endpoint_called": false,
  "output_files": {
    "adverse_flow_state": "/home/admin/hftbacktest-cross-exchange-artifacts/hyperliquid_tiny_live_m2_aws_candidate_funnel_0623T010_20260623T064432Z/venv_public_shadow_soak/adverse_flow_state.csv",
    "anti_drift_gate_matrix": "/home/admin/hftbacktest-cross-exchange-artifacts/hyperliquid_tiny_live_m2_aws_candidate_funnel_0623T010_20260623T064432Z/venv_public_shadow_soak/anti_drift_gate_matrix.csv",
    "bbo_stability_matrix": "/home/admin/hftbacktest-cross-exchange-artifacts/hyperliquid_tiny_live_m2_aws_candidate_funnel_0623T010_20260623T064432Z/venv_public_shadow_soak/bbo_stability_matrix.csv",
    "boundary_manifest": "/home/admin/hftbacktest-cross-exchange-artifacts/hyperliquid_tiny_live_m2_aws_candidate_funnel_0623T010_20260623T064432Z/venv_public_shadow_soak/boundary_manifest.json",
    "current_candidate_audit": "/home/admin/hftbacktest-cross-exchange-artifacts/hyperliquid_tiny_live_m2_aws_candidate_funnel_0623T010_20260623T064432Z/venv_public_shadow_soak/current_candidate_audit.csv",
    "edge_gate_matrix": "/home/admin/hftbacktest-cross-exchange-artifacts/hyperliquid_tiny_live_m2_aws_candidate_funnel_0623T010_20260623T064432Z/venv_public_shadow_soak/edge_gate_matrix.csv",
    "fair_mid_source_matrix": "/home/admin/hftbacktest-cross-exchange-artifacts/hyperliquid_tiny_live_m2_aws_candidate_funnel_0623T010_20260623T064432Z/venv_public_shadow_soak/fair_mid_source_matrix.csv",
    "public_shadow_decision_matrix": "/home/admin/hftbacktest-cross-exchange-artifacts/hyperliquid_tiny_live_m2_aws_candidate_funnel_0623T010_20260623T064432Z/venv_public_shadow_soak/public_shadow_decision_matrix.csv",
    "public_shadow_no_submit_report": "/home/admin/hftbacktest-cross-exchange-artifacts/hyperliquid_tiny_live_m2_aws_candidate_funnel_0623T010_20260623T064432Z/venv_public_shadow_soak/public_shadow_no_submit_report.md",
    "public_shadow_source_manifest": "/home/admin/hftbacktest-cross-exchange-artifacts/hyperliquid_tiny_live_m2_aws_candidate_funnel_0623T010_20260623T064432Z/venv_public_shadow_soak/public_shadow_source_manifest.json",
    "public_source_freshness_matrix": "/home/admin/hftbacktest-cross-exchange-artifacts/hyperliquid_tiny_live_m2_aws_candidate_funnel_0623T010_20260623T064432Z/venv_public_shadow_soak/public_source_freshness_matrix.csv",
    "public_stream_summary": "/home/admin/hftbacktest-cross-exchange-artifacts/hyperliquid_tiny_live_m2_aws_candidate_funnel_0623T010_20260623T064432Z/venv_public_shadow_soak/public_stream_summary.json",
    "rolling_flow_state": "/home/admin/hftbacktest-cross-exchange-artifacts/hyperliquid_tiny_live_m2_aws_candidate_funnel_0623T010_20260623T064432Z/venv_public_shadow_soak/rolling_flow_state.csv"
  },
  "private_endpoint_called": false,
  "public_source_mode": "live_public_shadow",
  "public_stream_summary": {
    "close_reasons": [
      "duration_elapsed"
    ],
    "collection_count": 1,
    "disconnect_events": [],
    "message_count_by_channel": {
      "l2Book": 112,
      "pong": 19,
      "subscriptionResponse": 2,
      "trades": 1147
    },
    "no_private_or_order_endpoint": true,
    "public_market_data_only": true,
    "reconnect_count": 0,
    "subscription_ack_count": 2,
    "total_book_event_count": 112,
    "total_candidate_count": 1259,
    "total_trade_event_count": 3449
  },
  "quote_distance_changed": false,
  "real_orders_allowed": false,
  "schema_version": "m2_live_public_source_shadow_v1",
  "shadow_evaluation_count": 1259,
  "shadow_would_submit_count": 0,
  "source_path_exercised": false,
  "task_id": "0623T010",
  "watcher_seconds_elapsed": 600.000648,
  "watcher_seconds_requested": 600.0
}
